[14:48:11.911] [INFO] Storybook upgrade - v10.3.5
[14:48:11.915] [INFO] detect-projects-spinner-start: Detecting projects...
[14:48:11.917] [DEBUG] Finding Storybook projects...
[14:48:12.058] [DEBUG] Found 1 Storybook projects
[14:48:12.067] [INFO] detect-projects-spinner: Detecting projects: 1 projects
[14:48:12.067] [DEBUG] Getting Storybook data...
[14:48:12.067] [DEBUG] Getting Storybook info...
[14:48:12.183] [DEBUG] Loading main config...
[14:48:12.183] [DEBUG] Getting stories paths...
[14:48:12.211] [DEBUG] Getting package manager...
[14:48:13.154] [DEBUG] Getting package.json info for /Users/dylanwilliams/Documents/GitHub/lab/package.json...
[14:48:13.154] [DEBUG] Getting Storybook version...
[14:48:13.169] [DEBUG] Detecting CSF factory usage...
[14:48:13.189] [DEBUG] /.storybook - Validating before version... 8.6.14
[14:48:13.189] [DEBUG] /.storybook - Validating upgrade compatibility...
[14:48:13.189] [DEBUG] /.storybook - Fetching NPM version information...
[14:48:13.189] [DEBUG] Getting CLI versions from NPM for storybook...
[14:48:13.189] [DEBUG] Executing command: npm info storybook version
[14:48:13.194] [DEBUG] Getting CLI versions from NPM for storybook@next...
[14:48:13.194] [DEBUG] Executing command: npm info storybook@next version
[14:48:15.618] [DEBUG] /.storybook - Evaluating blockers...
[14:48:15.671] [DEBUG] Getting installed version for @storybook/experimental-addon-test...
[14:48:15.671] [DEBUG] Executing command: npm ls --json --depth=99 2>/dev/null
[14:48:18.634] [DEBUG] Executing command: npm ls --json --depth=0 2>/dev/null
[14:48:20.119] [DEBUG] Error finding installations for @storybook/experimental-addon-test: ExecaError: Command failed with exit code 1: npm ls --json '--depth=0' '2>/dev/null'

{
  "name": "lab"
}
[14:48:20.119] [DEBUG] No installations found for @storybook/experimental-addon-test
[14:48:20.120] [INFO] detect-projects-spinner-stop: 1 project detected
[14:48:20.120] [DEBUG] Found 1 valid projects and 0 error projects
[14:48:20.120] [INFO] Upgrading from [1m8.6.14[22m to [1m10.3.5[22m
[14:48:20.121] [ERROR] Blockers detected

Storybook has found potential blockers that need to be resolved before upgrading:

[33mVue3 Webpack5 support removed[39m

Please migrate your Webpack5-based frameworks to their Vite equivalents.

Affected projects: /.storybook

More information: https://github.com/storybookjs/storybook/blob/next/MIGRATION.md#dropped-webpack5-builder-support-in-favor-of-vite

---

After addressing this, you can try running the upgrade command again. You can also rerun the upgrade command with the [36m--force[39m flag to skip the blocker check and to proceed with the upgrade.
[14:48:20.126] [INFO] Storybook collects completely anonymous usage telemetry. We use it to shape Storybook's roadmap and prioritize features. You can learn more, including how to opt out, at https://storybook.js.org/telemetry